YES
dd
